// Jest Snapshot v1, https://goo.gl/fbAQLP

exports[`Story UI Should render correctly 1`] = `
<Provider
  store={
    Object {
      "clearActions": [Function],
      "dispatch": [Function],
      "getActions": [Function],
      "getState": [Function],
      "replaceReducer": [Function],
      "subscribe": [Function],
    }
  }
>
  <Connect(Story)>
    <Story
      setCommentList={[Function]}
      setTopStoryList={[Function]}
      topStoryList={
        Array [
          Object {
            "id": 1,
            "title": "title1",
          },
          Object {
            "id": 2,
            "title": "title2",
          },
        ]
      }
    >
      <div
        className="spinner"
      >
        <Component>
          <Loading
            color="#4A170C"
            delay={0}
            height={64}
            type="spokes"
            width={64}
          >
            <div
              dangerouslySetInnerHTML={
                Object {
                  "__html": "<svg id=\\"loading\\" xmlns=\\"http://www.w3.org/2000/svg\\" viewBox=\\"0 0 32 32\\">
                  <path opacity=\\".1\\" d=\\"M14 0 H18 V8 H14 z\\" transform=\\"rotate(0 16 16)\\">
                    <animate attributeName=\\"opacity\\" from=\\"1\\" to=\\".1\\" dur=\\"1s\\" repeatCount=\\"indefinite\\" begin=\\"0\\"/>
                  </path>
                  <path opacity=\\".1\\" d=\\"M14 0 H18 V8 H14 z\\" transform=\\"rotate(45 16 16)\\">
                    <animate attributeName=\\"opacity\\" from=\\"1\\" to=\\".1\\" dur=\\"1s\\" repeatCount=\\"indefinite\\" begin=\\"0.125s\\"/>
                  </path>
                  <path opacity=\\".1\\" d=\\"M14 0 H18 V8 H14 z\\" transform=\\"rotate(90 16 16)\\">
                    <animate attributeName=\\"opacity\\" from=\\"1\\" to=\\".1\\" dur=\\"1s\\" repeatCount=\\"indefinite\\" begin=\\"0.25s\\"/>
                  </path>
                  <path opacity=\\".1\\" d=\\"M14 0 H18 V8 H14 z\\" transform=\\"rotate(135 16 16)\\">
                    <animate attributeName=\\"opacity\\" from=\\"1\\" to=\\".1\\" dur=\\"1s\\" repeatCount=\\"indefinite\\" begin=\\"0.375s\\"/>
                  </path>
                  <path opacity=\\".1\\" d=\\"M14 0 H18 V8 H14 z\\" transform=\\"rotate(180 16 16)\\">
                    <animate attributeName=\\"opacity\\" from=\\"1\\" to=\\".1\\" dur=\\"1s\\" repeatCount=\\"indefinite\\" begin=\\"0.5s\\"/>
                  </path>
                  <path opacity=\\".1\\" d=\\"M14 0 H18 V8 H14 z\\" transform=\\"rotate(225 16 16)\\">
                    <animate attributeName=\\"opacity\\" from=\\"1\\" to=\\".1\\" dur=\\"1s\\" repeatCount=\\"indefinite\\" begin=\\"0.675s\\"/>
                  </path>
                  <path opacity=\\".1\\" d=\\"M14 0 H18 V8 H14 z\\" transform=\\"rotate(270 16 16)\\">
                    <animate attributeName=\\"opacity\\" from=\\"1\\" to=\\".1\\" dur=\\"1s\\" repeatCount=\\"indefinite\\" begin=\\"0.75s\\"/>
                  </path>
                  <path opacity=\\".1\\" d=\\"M14 0 H18 V8 H14 z\\" transform=\\"rotate(315 16 16)\\">
                    <animate attributeName=\\"opacity\\" from=\\"1\\" to=\\".1\\" dur=\\"1s\\" repeatCount=\\"indefinite\\" begin=\\"0.875s\\"/>
                  </path>
                </svg>
                ",
                }
              }
              style={
                Object {
                  "fill": "#4A170C",
                  "height": 64,
                  "width": 64,
                }
              }
            />
          </Loading>
        </Component>
      </div>
    </Story>
  </Connect(Story)>
</Provider>
`;
